// Jest Snapshot v1, https://goo.gl/fbAQLP

exports[`matches snapshot 1`] = `
<a
  href="/ride-info"
  onClick={[Function]}
>
  <div
    className="ride-card"
  >
    <div
      className="photo"
    >
      <figure
        className="driver-picture"
      >
        <img
          alt="Mathew Pitts"
          src="profile-picture-mockup.jpg"
        />
      </figure>
    </div>
    <div
      className="driver-info"
    >
      <p
        className="text-important"
      >
        Mathew Pitts
      </p>
      <div>
        <i
          className="star"
        >
          <span
            className="material-symbols-outlined filled"
            id={0}
          >
            star
          </span>
        </i>
        <i
          className="star"
        >
          <span
            className="material-symbols-outlined filled"
            id={1}
          >
            star
          </span>
        </i>
        <i
          className="star"
        >
          <span
            className="material-symbols-outlined filled"
            id={2}
          >
            star
          </span>
        </i>
        <i
          className="star"
        >
          <span
            className="material-symbols-outlined filled"
            id={3}
          >
            star
          </span>
        </i>
        <i
          className="star"
        >
          <span
            className="material-symbols-outlined"
            id={4}
          >
            star
          </span>
        </i>
      </div>
      <div
        className="destination d-flex align-items-center"
      >
        <span
          className="material-symbols-outlined card-icon me-2"
        >
          directions_car
        </span>
        <p
          className="details"
        >
          Abbotsford, BC
        </p>
      </div>
      <div
        className="seats-available d-flex align-items-center"
      >
        <span
          className="material-symbols-outlined card-icon me-2"
        >
          person
        </span>
        <p
          className="details"
        >
          3
           seats available
        </p>
      </div>
    </div>
    <div
      className="ride-info"
    >
      <p
        className="ride-details"
      >
        10/15/2022
      </p>
      <p
        className="ride-details"
      >
        9:45am
      </p>
      <br />
      <p
        className="text-important"
      >
        $
        128.95
      </p>
    </div>
  </div>
</a>
`;
