// Jest Snapshot v1, https://goo.gl/fbAQLP

exports[`matches snapshot 1`] = `
<a
  className="btn btn-primary col-6 col-md-3 mx-auto d-block"
  href="/main-passenger"
  onClick={[Function]}
>
  Login
</a>
`;
